// Jest Snapshot v1, https://goo.gl/fbAQLP

exports[`Password Reset Integration should request password reset (forgot-password) 1`] = `
{
  "data": {},
  "message": "If an account with this identifier exists, you will receive a password reset code.",
  "statusCode": 200,
  "success": true,
}
`;

exports[`Password Reset Integration should validate password successfully 1`] = `
{
  "email": Any<String>,
  "id": Any<Number>,
  "password": Any<String>,
}
`;
