// Jest Snapshot v1, https://goo.gl/fbAQLP

exports[`Social Login Integration should get GitHub OAuth URL 1`] = `
{
  "data": {
    "authUrl": "https://github.com/login/oauth/authorize?client_id=Ov23li0YXXoBXZQpDI23&redirect_uri=http%3A%2F%2Flocalhost%3A3000%2Fapi%2Fauth%2Fgithub%2Fcallback&scope=user%3Aemail&state=fd229280be02b4e635d7aa38119f763cabc08e29b4b5bd008d06d97985454a8a",
    "provider": "github",
    "state": "fd229280be02b4e635d7aa38119f763cabc08e29b4b5bd008d06d97985454a8a",
  },
  "message": "GitHub OAuth URL generated successfully",
  "statusCode": 200,
  "success": true,
}
`;

exports[`Social Login Integration should get Google OAuth URL 1`] = `
{
  "data": {
    "authUrl": "https://accounts.google.com/o/oauth2/v2/auth?client_id=1088061610840-prcu4cbids3vkli59ns903pa2ko4t9j8.apps.googleusercontent.com&redirect_uri=http%3A%2F%2Flocalhost%3A3000%2Fapi%2Fauth%2Fgoogle%2Fcallback&response_type=code&scope=openid%20email%20profile&state=96222c1856ce99899fc0143bdc52fc2c8c1770d4ba7ff6ab7746a3dcc2485d32&access_type=offline&prompt=consent",
    "provider": "google",
    "state": "96222c1856ce99899fc0143bdc52fc2c8c1770d4ba7ff6ab7746a3dcc2485d32",
  },
  "message": "Google OAuth URL generated successfully",
  "statusCode": 200,
  "success": true,
}
`;

exports[`Social Login Integration should handle social login successfully 1`] = `
{
  "email": Any<String>,
  "id": Any<Number>,
  "socialId": Any<String>,
}
`;
